CPU Reset (CPU 0)
 PC=0000000000000000 X00=0000000000000000 X01=0000000000000000
X02=0000000000000000 X03=0000000000000000 X04=0000000000000000
X05=0000000000000000 X06=0000000000000000 X07=0000000000000000
X08=0000000000000000 X09=0000000000000000 X10=0000000000000000
X11=0000000000000000 X12=0000000000000000 X13=0000000000000000
X14=0000000000000000 X15=0000000000000000 X16=0000000000000000
X17=0000000000000000 X18=0000000000000000 X19=0000000000000000
X20=0000000000000000 X21=0000000000000000 X22=0000000000000000
X23=0000000000000000 X24=0000000000000000 X25=0000000000000000
X26=0000000000000000 X27=0000000000000000 X28=0000000000000000
X29=0000000000000000 X30=0000000000000000  SP=0000000000000000
PSTATE=00000000400003c9 -Z-- EL2h  SVCR=00000000 --  BTYPE=0
CPU Reset (CPU 0)
 PC=0000000000000000 X00=0000000000000000 X01=0000000000000000
X02=0000000000000000 X03=0000000000000000 X04=0000000000000000
X05=0000000000000000 X06=0000000000000000 X07=0000000000000000
X08=0000000000000000 X09=0000000000000000 X10=0000000000000000
X11=0000000000000000 X12=0000000000000000 X13=0000000000000000
X14=0000000000000000 X15=0000000000000000 X16=0000000000000000
X17=0000000000000000 X18=0000000000000000 X19=0000000000000000
X20=0000000000000000 X21=0000000000000000 X22=0000000000000000
X23=0000000000000000 X24=0000000000000000 X25=0000000000000000
X26=0000000000000000 X27=0000000000000000 X28=0000000000000000
X29=0000000000000000 X30=0000000000000000  SP=0000000000000000
PSTATE=00000000400003c9 -Z-- EL2h  SVCR=00000000 --  BTYPE=0
Taking exception 13 [Secure Monitor Call] on CPU 0
...from EL2 to EL3
...with ESR 0x17/0x5e000000
...handled as PSCI call
Taking exception 13 [Secure Monitor Call] on CPU 0
...from EL2 to EL3
...with ESR 0x17/0x5e000000
...handled as PSCI call
Taking exception 5 [IRQ] on CPU 0
...from EL2 to EL2
...with ESR 0x0/0x3810000
...with SPSR 0x309
...with ELR 0x466d3f34
...to EL2 PC 0x466ff280 PSTATE 0x4023c9
Exception return from AArch64 EL2 to AArch64 EL2 PC 0x466d3f34
Taking exception 5 [IRQ] on CPU 0
...from EL2 to EL2
...with ESR 0x0/0x3c18000
...with SPSR 0x60000309
...with ELR 0x466fe69c
...to EL2 PC 0x466ff280 PSTATE 0x4023c9
Exception return from AArch64 EL2 to AArch64 EL2 PC 0x466fe69c
Taking exception 5 [IRQ] on CPU 0
...from EL2 to EL2
...with ESR 0x0/0x3c18000
...with SPSR 0x20000309
...with ELR 0x471f6624
...to EL2 PC 0x466ff280 PSTATE 0x4023c9
Exception return from AArch64 EL2 to AArch64 EL2 PC 0x471f6624
Taking exception 5 [IRQ] on CPU 0
...from EL2 to EL2
...with ESR 0x0/0x3810000
...with SPSR 0x309
...with ELR 0x461b5cb0
...to EL2 PC 0x466ff280 PSTATE 0x4023c9
Exception return from AArch64 EL2 to AArch64 EL2 PC 0x461b5cb0
Taking exception 5 [IRQ] on CPU 0
...from EL2 to EL2
...with ESR 0x0/0x3c18000
...with SPSR 0x80000309
...with ELR 0x471fb170
...to EL2 PC 0x466ff280 PSTATE 0x4023c9
Exception return from AArch64 EL2 to AArch64 EL2 PC 0x471fb170
Taking exception 5 [IRQ] on CPU 0
...from EL2 to EL2
...with ESR 0x0/0x3810000
...with SPSR 0x80000b09
...with ELR 0x4600a000
...to EL2 PC 0x466ff280 PSTATE 0x4023c9
Exception return from AArch64 EL2 to AArch64 EL2 PC 0x4600a000
Taking exception 5 [IRQ] on CPU 0
...from EL2 to EL2
...with ESR 0x0/0x3c18000
...with SPSR 0x80000309
...with ELR 0x466fe6b8
...to EL2 PC 0x466ff280 PSTATE 0x4023c9
Exception return from AArch64 EL2 to AArch64 EL2 PC 0x466fe6b8
Taking exception 5 [IRQ] on CPU 0
...from EL2 to EL2
...with ESR 0x0/0x3c18000
...with SPSR 0x80000309
...with ELR 0x471fad28
...to EL2 PC 0x466ff280 PSTATE 0x4023c9
Exception return from AArch64 EL2 to AArch64 EL2 PC 0x471fad28
Taking exception 5 [IRQ] on CPU 0
...from EL2 to EL2
...with ESR 0x0/0x3c18000
...with SPSR 0x20000309
...with ELR 0x45d1d834
...to EL2 PC 0x466ff280 PSTATE 0x4023c9
Exception return from AArch64 EL2 to AArch64 EL2 PC 0x45d1d834
Taking exception 5 [IRQ] on CPU 0
...from EL2 to EL2
...with ESR 0x0/0x3810000
...with SPSR 0x60000b09
...with ELR 0x45d6ea98
...to EL2 PC 0x466ff280 PSTATE 0x4023c9
Exception return from AArch64 EL2 to AArch64 EL2 PC 0x45d6ea98
Taking exception 5 [IRQ] on CPU 0
...from EL2 to EL2
...with ESR 0x0/0x3810000
...with SPSR 0x60000309
...with ELR 0x45da850c
...to EL2 PC 0x466ff280 PSTATE 0x4023c9
Exception return from AArch64 EL2 to AArch64 EL2 PC 0x45da850c
Taking exception 5 [IRQ] on CPU 0
...from EL2 to EL2
...with ESR 0x0/0x3800000
...with SPSR 0x80000309
...with ELR 0x45d95ec8
...to EL2 PC 0x466ff280 PSTATE 0x4023c9
Exception return from AArch64 EL2 to AArch64 EL2 PC 0x45d95ec8
Taking exception 5 [IRQ] on CPU 0
...from EL2 to EL2
...with ESR 0x0/0x3800000
...with SPSR 0x20000b09
...with ELR 0x471f6000
...to EL2 PC 0x466ff280 PSTATE 0x4023c9
Exception return from AArch64 EL2 to AArch64 EL2 PC 0x471f6000
Taking exception 5 [IRQ] on CPU 0
...from EL2 to EL2
...with ESR 0x0/0x3810000
...with SPSR 0x80000309
...with ELR 0x4720b480
...to EL2 PC 0x466ff280 PSTATE 0x4023c9
Exception return from AArch64 EL2 to AArch64 EL2 PC 0x4720b480
Taking exception 5 [IRQ] on CPU 0
...from EL2 to EL2
...with ESR 0x0/0x3810000
...with SPSR 0x60000309
...with ELR 0x471fa218
...to EL2 PC 0x466ff280 PSTATE 0x4023c9
Exception return from AArch64 EL2 to AArch64 EL2 PC 0x471fa218
Taking exception 5 [IRQ] on CPU 0
...from EL2 to EL2
...with ESR 0x0/0x3c18000
...with SPSR 0x60000309
...with ELR 0x46724438
...to EL2 PC 0x466ff280 PSTATE 0x4023c9
Exception return from AArch64 EL2 to AArch64 EL2 PC 0x46724438
Taking exception 5 [IRQ] on CPU 0
...from EL2 to EL2
...with ESR 0x0/0x3810000
...with SPSR 0x60000309
...with ELR 0x461e6668
...to EL2 PC 0x466ff280 PSTATE 0x4023c9
Exception return from AArch64 EL2 to AArch64 EL2 PC 0x461e6668
Taking exception 5 [IRQ] on CPU 0
...from EL2 to EL2
...with ESR 0x0/0x3410000
...with SPSR 0x20000309
...with ELR 0x45ea49e8
...to EL2 PC 0x466ff280 PSTATE 0x4023c9
Exception return from AArch64 EL2 to AArch64 EL2 PC 0x45ea49e8
Taking exception 5 [IRQ] on CPU 0
...from EL2 to EL2
...with ESR 0x0/0x3010000
...with SPSR 0x20000309
...with ELR 0x4720835c
...to EL2 PC 0x466ff280 PSTATE 0x4023c9
Exception return from AArch64 EL2 to AArch64 EL2 PC 0x4720835c
Taking exception 5 [IRQ] on CPU 0
...from EL2 to EL2
...with ESR 0x0/0x3410000
...with SPSR 0x20000b09
...with ELR 0x471f6000
...to EL2 PC 0x466ff280 PSTATE 0x4023c9
Exception return from AArch64 EL2 to AArch64 EL2 PC 0x471f6000
Taking exception 5 [IRQ] on CPU 0
...from EL2 to EL2
...with ESR 0x0/0x3410000
...with SPSR 0x60000309
...with ELR 0x47202840
...to EL2 PC 0x466ff280 PSTATE 0x4023c9
Exception return from AArch64 EL2 to AArch64 EL2 PC 0x47202840
Taking exception 5 [IRQ] on CPU 0
...from EL2 to EL2
...with ESR 0x0/0x3410000
...with SPSR 0x60000b09
...with ELR 0x466d8db8
...to EL2 PC 0x466ff280 PSTATE 0x4023c9
Exception return from AArch64 EL2 to AArch64 EL2 PC 0x466d8db8
Taking exception 5 [IRQ] on CPU 0
...from EL2 to EL2
...with ESR 0x0/0x3400000
...with SPSR 0x309
...with ELR 0x462e2134
...to EL2 PC 0x466ff280 PSTATE 0x4023c9
Exception return from AArch64 EL2 to AArch64 EL2 PC 0x462e2134
Taking exception 5 [IRQ] on CPU 0
...from EL2 to EL2
...with ESR 0x0/0x3410000
...with SPSR 0x60000309
...with ELR 0x461153a0
...to EL2 PC 0x466ff280 PSTATE 0x4023c9
Exception return from AArch64 EL2 to AArch64 EL2 PC 0x461153a0
Taking exception 5 [IRQ] on CPU 0
...from EL2 to EL2
...with ESR 0x0/0x3800000
...with SPSR 0x60000309
...with ELR 0x466a27cc
...to EL2 PC 0x466ff280 PSTATE 0x4023c9
Exception return from AArch64 EL2 to AArch64 EL2 PC 0x466a27cc
Taking exception 5 [IRQ] on CPU 0
...from EL2 to EL2
...with ESR 0x0/0x3810000
...with SPSR 0x80000309
...with ELR 0x466f7178
...to EL2 PC 0x466ff280 PSTATE 0x4023c9
Exception return from AArch64 EL2 to AArch64 EL2 PC 0x466f7178
Taking exception 5 [IRQ] on CPU 0
...from EL2 to EL2
...with ESR 0x0/0x3800000
...with SPSR 0x80000309
...with ELR 0x466f7178
...to EL2 PC 0x466ff280 PSTATE 0x4023c9
Exception return from AArch64 EL2 to AArch64 EL2 PC 0x466f7178
Taking exception 5 [IRQ] on CPU 0
...from EL2 to EL2
...with ESR 0x0/0x3810000
...with SPSR 0x80000309
...with ELR 0x466f7178
...to EL2 PC 0x466ff280 PSTATE 0x4023c9
Exception return from AArch64 EL2 to AArch64 EL2 PC 0x466f7178
Taking exception 5 [IRQ] on CPU 0
...from EL2 to EL2
...with ESR 0x0/0x3800000
...with SPSR 0x80000309
...with ELR 0x466f7178
...to EL2 PC 0x466ff280 PSTATE 0x4023c9
Exception return from AArch64 EL2 to AArch64 EL2 PC 0x466f7178
Taking exception 5 [IRQ] on CPU 0
...from EL2 to EL2
...with ESR 0x0/0x3810000
...with SPSR 0x80000309
...with ELR 0x466f7178
...to EL2 PC 0x466ff280 PSTATE 0x4023c9
Exception return from AArch64 EL2 to AArch64 EL2 PC 0x466f7178
Taking exception 5 [IRQ] on CPU 0
...from EL2 to EL2
...with ESR 0x0/0x3800000
...with SPSR 0x80000309
...with ELR 0x466f7178
...to EL2 PC 0x466ff280 PSTATE 0x4023c9
Exception return from AArch64 EL2 to AArch64 EL2 PC 0x466f7178
Taking exception 5 [IRQ] on CPU 0
...from EL2 to EL2
...with ESR 0x0/0x3810000
...with SPSR 0x80000309
...with ELR 0x466f7178
...to EL2 PC 0x466ff280 PSTATE 0x4023c9
Exception return from AArch64 EL2 to AArch64 EL2 PC 0x466f7178
Taking exception 5 [IRQ] on CPU 0
...from EL2 to EL2
...with ESR 0x0/0x3800000
...with SPSR 0x80000309
...with ELR 0x466f7178
...to EL2 PC 0x466ff280 PSTATE 0x4023c9
Exception return from AArch64 EL2 to AArch64 EL2 PC 0x466f7178
Taking exception 5 [IRQ] on CPU 0
...from EL2 to EL2
...with ESR 0x0/0x3810000
...with SPSR 0x80000309
...with ELR 0x466f7178
...to EL2 PC 0x466ff280 PSTATE 0x4023c9
Exception return from AArch64 EL2 to AArch64 EL2 PC 0x466f7178
Taking exception 5 [IRQ] on CPU 0
...from EL2 to EL2
...with ESR 0x0/0x3800000
...with SPSR 0x80000309
...with ELR 0x466f7178
...to EL2 PC 0x466ff280 PSTATE 0x4023c9
Exception return from AArch64 EL2 to AArch64 EL2 PC 0x466f7178
Taking exception 5 [IRQ] on CPU 0
...from EL2 to EL2
...with ESR 0x0/0x3800000
...with SPSR 0x80000309
...with ELR 0x466f7178
...to EL2 PC 0x466ff280 PSTATE 0x4023c9
Exception return from AArch64 EL2 to AArch64 EL2 PC 0x466f7178
Taking exception 5 [IRQ] on CPU 0
...from EL2 to EL2
...with ESR 0x0/0x3800000
...with SPSR 0x80000309
...with ELR 0x466f7178
...to EL2 PC 0x466ff280 PSTATE 0x4023c9
Exception return from AArch64 EL2 to AArch64 EL2 PC 0x466f7178
Taking exception 5 [IRQ] on CPU 0
...from EL2 to EL2
...with ESR 0x0/0x3810000
...with SPSR 0x80000309
...with ELR 0x466f7178
...to EL2 PC 0x466ff280 PSTATE 0x4023c9
Exception return from AArch64 EL2 to AArch64 EL2 PC 0x466f7178
Taking exception 5 [IRQ] on CPU 0
...from EL2 to EL2
...with ESR 0x0/0x3800000
...with SPSR 0x80000309
...with ELR 0x466f7178
...to EL2 PC 0x466ff280 PSTATE 0x4023c9
Exception return from AArch64 EL2 to AArch64 EL2 PC 0x466f7178
Taking exception 5 [IRQ] on CPU 0
...from EL2 to EL2
...with ESR 0x0/0x3810000
...with SPSR 0x80000309
...with ELR 0x466f7178
...to EL2 PC 0x466ff280 PSTATE 0x4023c9
Exception return from AArch64 EL2 to AArch64 EL2 PC 0x466f7178
Taking exception 5 [IRQ] on CPU 0
...from EL2 to EL2
...with ESR 0x0/0x3800000
...with SPSR 0x80000309
...with ELR 0x466f7178
...to EL2 PC 0x466ff280 PSTATE 0x4023c9
Exception return from AArch64 EL2 to AArch64 EL2 PC 0x466f7178
Taking exception 5 [IRQ] on CPU 0
...from EL2 to EL2
...with ESR 0x0/0x3810000
...with SPSR 0x80000309
...with ELR 0x466f7178
...to EL2 PC 0x466ff280 PSTATE 0x4023c9
Exception return from AArch64 EL2 to AArch64 EL2 PC 0x466f7178
Taking exception 5 [IRQ] on CPU 0
...from EL2 to EL2
...with ESR 0x0/0x3810000
...with SPSR 0x80000309
...with ELR 0x466f7178
...to EL2 PC 0x466ff280 PSTATE 0x4023c9
Exception return from AArch64 EL2 to AArch64 EL2 PC 0x466f7178
Taking exception 5 [IRQ] on CPU 0
...from EL2 to EL2
...with ESR 0x0/0x3800000
...with SPSR 0x60000309
...with ELR 0x45e85170
...to EL2 PC 0x466ff280 PSTATE 0x4023c9
Exception return from AArch64 EL2 to AArch64 EL2 PC 0x45e85170
Taking exception 5 [IRQ] on CPU 0
...from EL2 to EL2
...with ESR 0x0/0x3000000
...with SPSR 0x60000309
...with ELR 0x471fae14
...to EL2 PC 0x466ff280 PSTATE 0x4023c9
Exception return from AArch64 EL2 to AArch64 EL2 PC 0x471fae14
Taking exception 5 [IRQ] on CPU 0
...from EL2 to EL2
...with ESR 0x0/0x3000000
...with SPSR 0x80000309
...with ELR 0x466fe6b8
...to EL2 PC 0x466ff280 PSTATE 0x4023c9
Exception return from AArch64 EL2 to AArch64 EL2 PC 0x466fe6b8
Taking exception 5 [IRQ] on CPU 0
...from EL2 to EL2
...with ESR 0x0/0x3800000
...with SPSR 0x80000309
...with ELR 0x471f8cdc
...to EL2 PC 0x466ff280 PSTATE 0x4023c9
Exception return from AArch64 EL2 to AArch64 EL2 PC 0x471f8cdc
Taking exception 5 [IRQ] on CPU 0
...from EL2 to EL2
...with ESR 0x0/0x3800000
...with SPSR 0x80000309
...with ELR 0x466fe6b8
...to EL2 PC 0x466ff280 PSTATE 0x4023c9
Exception return from AArch64 EL2 to AArch64 EL2 PC 0x466fe6b8
Taking exception 5 [IRQ] on CPU 0
...from EL2 to EL2
...with ESR 0x0/0x3800000
...with SPSR 0x80000309
...with ELR 0x466fe6b8
...to EL2 PC 0x466ff280 PSTATE 0x4023c9
Exception return from AArch64 EL2 to AArch64 EL2 PC 0x466fe6b8
Taking exception 5 [IRQ] on CPU 0
...from EL2 to EL2
...with ESR 0x0/0x3010000
...with SPSR 0x80000309
...with ELR 0x466fe6b8
...to EL2 PC 0x466ff280 PSTATE 0x4023c9
Exception return from AArch64 EL2 to AArch64 EL2 PC 0x466fe6b8
Taking exception 5 [IRQ] on CPU 0
...from EL2 to EL2
...with ESR 0x0/0x3400000
...with SPSR 0x20000309
...with ELR 0x45faa8fc
...to EL2 PC 0x466ff280 PSTATE 0x4023c9
Exception return from AArch64 EL2 to AArch64 EL2 PC 0x45faa8fc
Taking exception 5 [IRQ] on CPU 0
...from EL2 to EL2
...with ESR 0x0/0x3400000
...with SPSR 0x80000309
...with ELR 0x45f5c098
...to EL2 PC 0x466ff280 PSTATE 0x4023c9
Exception return from AArch64 EL2 to AArch64 EL2 PC 0x45f5c098
Taking exception 5 [IRQ] on CPU 0
...from EL2 to EL2
...with ESR 0x0/0x3400000
...with SPSR 0x80000309
...with ELR 0x45f3dfd4
...to EL2 PC 0x466ff280 PSTATE 0x4023c9
Exception return from AArch64 EL2 to AArch64 EL2 PC 0x45f3dfd4
Taking exception 5 [IRQ] on CPU 0
...from EL2 to EL2
...with ESR 0x0/0x3400000
...with SPSR 0x80000309
...with ELR 0x466fe6b8
...to EL2 PC 0x466ff280 PSTATE 0x4023c9
Exception return from AArch64 EL2 to AArch64 EL2 PC 0x466fe6b8
Taking exception 5 [IRQ] on CPU 0
...from EL2 to EL2
...with ESR 0x0/0x3800000
...with SPSR 0x80000309
...with ELR 0x466fe6b8
...to EL2 PC 0x466ff280 PSTATE 0x4023c9
Exception return from AArch64 EL2 to AArch64 EL2 PC 0x466fe6b8
Taking exception 5 [IRQ] on CPU 0
...from EL2 to EL2
...with ESR 0x0/0x3800000
...with SPSR 0x60000309
...with ELR 0x4720c0e0
...to EL2 PC 0x466ff280 PSTATE 0x4023c9
Exception return from AArch64 EL2 to AArch64 EL2 PC 0x4720c0e0
Taking exception 5 [IRQ] on CPU 0
...from EL2 to EL2
...with ESR 0x0/0x3410000
...with SPSR 0x80000309
...with ELR 0x471f7210
...to EL2 PC 0x466ff280 PSTATE 0x4023c9
Exception return from AArch64 EL2 to AArch64 EL2 PC 0x471f7210
Taking exception 5 [IRQ] on CPU 0
...from EL2 to EL2
...with ESR 0x0/0x3410000
...with SPSR 0x60000309
...with ELR 0x47202840
...to EL2 PC 0x466ff280 PSTATE 0x4023c9
Exception return from AArch64 EL2 to AArch64 EL2 PC 0x47202840
Taking exception 5 [IRQ] on CPU 0
...from EL2 to EL2
...with ESR 0x0/0x3800000
...with SPSR 0x60000309
...with ELR 0x47202840
...to EL2 PC 0x466ff280 PSTATE 0x4023c9
Exception return from AArch64 EL2 to AArch64 EL2 PC 0x47202840
Taking exception 5 [IRQ] on CPU 0
...from EL2 to EL2
...with ESR 0x0/0x3800000
...with SPSR 0x309
...with ELR 0x471f6b3c
...to EL2 PC 0x466ff280 PSTATE 0x4023c9
Exception return from AArch64 EL2 to AArch64 EL2 PC 0x471f6b3c
Taking exception 5 [IRQ] on CPU 0
...from EL2 to EL2
...with ESR 0x0/0x3800000
...with SPSR 0x80000309
...with ELR 0x466fe6b8
...to EL2 PC 0x466ff280 PSTATE 0x4023c9
Exception return from AArch64 EL2 to AArch64 EL2 PC 0x466fe6b8
Taking exception 5 [IRQ] on CPU 0
...from EL2 to EL2
...with ESR 0x0/0x3800000
...with SPSR 0x60000309
...with ELR 0x471f6bfc
...to EL2 PC 0x466ff280 PSTATE 0x4023c9
Exception return from AArch64 EL2 to AArch64 EL2 PC 0x471f6bfc
Taking exception 5 [IRQ] on CPU 0
...from EL2 to EL2
...with ESR 0x0/0x3800000
...with SPSR 0x80000309
...with ELR 0x4720b480
...to EL2 PC 0x466ff280 PSTATE 0x4023c9
Exception return from AArch64 EL2 to AArch64 EL2 PC 0x4720b480
Taking exception 5 [IRQ] on CPU 0
...from EL2 to EL2
...with ESR 0x0/0x3000000
...with SPSR 0x309
...with ELR 0x471f6b3c
...to EL2 PC 0x466ff280 PSTATE 0x4023c9
Exception return from AArch64 EL2 to AArch64 EL2 PC 0x471f6b3c
Taking exception 5 [IRQ] on CPU 0
...from EL2 to EL2
...with ESR 0x0/0x3c18000
...with SPSR 0x80000309
...with ELR 0x47209ef0
...to EL2 PC 0x466ff280 PSTATE 0x4023c9
Exception return from AArch64 EL2 to AArch64 EL2 PC 0x47209ef0
Taking exception 5 [IRQ] on CPU 0
...from EL2 to EL2
...with ESR 0x0/0x3410000
...with SPSR 0x80000309
...with ELR 0x466d5cac
...to EL2 PC 0x466ff280 PSTATE 0x4023c9
Exception return from AArch64 EL2 to AArch64 EL2 PC 0x466d5cac
Taking exception 5 [IRQ] on CPU 0
...from EL2 to EL2
...with ESR 0x0/0x3410000
...with SPSR 0x80000309
...with ELR 0x466f7178
...to EL2 PC 0x466ff280 PSTATE 0x4023c9
Exception return from AArch64 EL2 to AArch64 EL2 PC 0x466f7178
Taking exception 5 [IRQ] on CPU 0
...from EL2 to EL2
...with ESR 0x0/0x3880000
...with SPSR 0x20000309
...with ELR 0x140004250
...to EL2 PC 0x466ff280 PSTATE 0x4023c9
Exception return from AArch64 EL2 to AArch64 EL2 PC 0x140004250
Taking exception 5 [IRQ] on CPU 0
...from EL2 to EL2
...with ESR 0x0/0x3880000
...with SPSR 0x80000309
...with ELR 0x466fe6b8
...to EL2 PC 0x466ff280 PSTATE 0x4023c9
Exception return from AArch64 EL2 to AArch64 EL2 PC 0x466fe6b8
Taking exception 5 [IRQ] on CPU 0
...from EL2 to EL2
...with ESR 0x0/0x3800000
...with SPSR 0x80000309
...with ELR 0x14000397c
...to EL2 PC 0x466ff280 PSTATE 0x4023c9
Exception return from AArch64 EL2 to AArch64 EL2 PC 0x14000397c
Taking exception 5 [IRQ] on CPU 0
...from EL2 to EL2
...with ESR 0x0/0x3800000
...with SPSR 0x80000309
...with ELR 0x14000396c
...to EL2 PC 0x466ff280 PSTATE 0x4023c9
Exception return from AArch64 EL2 to AArch64 EL2 PC 0x14000396c
Taking exception 5 [IRQ] on CPU 0
...from EL2 to EL2
...with ESR 0x0/0x3800000
...with SPSR 0x80000309
...with ELR 0x1400039e8
...to EL2 PC 0x466ff280 PSTATE 0x4023c9
Exception return from AArch64 EL2 to AArch64 EL2 PC 0x1400039e8
Taking exception 5 [IRQ] on CPU 0
...from EL2 to EL2
...with ESR 0x0/0x3410000
...with SPSR 0x40000309
...with ELR 0x140002014
...to EL2 PC 0x466ff280 PSTATE 0x4023c9
Exception return from AArch64 EL2 to AArch64 EL2 PC 0x140002014
Taking exception 5 [IRQ] on CPU 0
...from EL2 to EL2
...with ESR 0x0/0x3800000
...with SPSR 0x80000309
...with ELR 0x140003994
...to EL2 PC 0x466ff280 PSTATE 0x4023c9
Exception return from AArch64 EL2 to AArch64 EL2 PC 0x140003994
Taking exception 5 [IRQ] on CPU 0
...from EL2 to EL2
...with ESR 0x0/0x3800000
...with SPSR 0x80000309
...with ELR 0x14000396c
...to EL2 PC 0x466ff280 PSTATE 0x4023c9
Exception return from AArch64 EL2 to AArch64 EL2 PC 0x14000396c
Taking exception 5 [IRQ] on CPU 0
...from EL2 to EL2
...with ESR 0x0/0x3800000
...with SPSR 0x20000309
...with ELR 0x1400014d0
...to EL2 PC 0x466ff280 PSTATE 0x4023c9
Exception return from AArch64 EL2 to AArch64 EL2 PC 0x1400014d0
Taking exception 5 [IRQ] on CPU 0
...from EL2 to EL2
...with ESR 0x0/0x3800000
...with SPSR 0x80000309
...with ELR 0x466fe6b8
...to EL2 PC 0x466ff280 PSTATE 0x4023c9
Exception return from AArch64 EL2 to AArch64 EL2 PC 0x466fe6b8
Taking exception 5 [IRQ] on CPU 0
...from EL2 to EL2
...with ESR 0x0/0x3800000
...with SPSR 0x40000309
...with ELR 0x1400026b8
...to EL2 PC 0x466ff280 PSTATE 0x4023c9
Exception return from AArch64 EL2 to AArch64 EL2 PC 0x1400026b8
Taking exception 5 [IRQ] on CPU 0
...from EL2 to EL2
...with ESR 0x0/0x3800000
...with SPSR 0x80000309
...with ELR 0x466fe6b8
...to EL2 PC 0x466ff280 PSTATE 0x4023c9
Exception return from AArch64 EL2 to AArch64 EL2 PC 0x466fe6b8
Taking exception 5 [IRQ] on CPU 0
...from EL2 to EL2
...with ESR 0x0/0x3800000
...with SPSR 0x80000309
...with ELR 0x14000396c
...to EL2 PC 0x466ff280 PSTATE 0x4023c9
Exception return from AArch64 EL2 to AArch64 EL2 PC 0x14000396c
Taking exception 5 [IRQ] on CPU 0
...from EL2 to EL2
...with ESR 0x0/0x3800000
...with SPSR 0x80000309
...with ELR 0x14000397c
...to EL2 PC 0x466ff280 PSTATE 0x4023c9
Exception return from AArch64 EL2 to AArch64 EL2 PC 0x14000397c
Taking exception 5 [IRQ] on CPU 0
...from EL2 to EL2
...with ESR 0x0/0x3800000
...with SPSR 0x80000309
...with ELR 0x140003994
...to EL2 PC 0x466ff280 PSTATE 0x4023c9
Exception return from AArch64 EL2 to AArch64 EL2 PC 0x140003994
Taking exception 5 [IRQ] on CPU 0
...from EL2 to EL2
...with ESR 0x0/0x3800000
...with SPSR 0x80000309
...with ELR 0x140003994
...to EL2 PC 0x466ff280 PSTATE 0x4023c9
Exception return from AArch64 EL2 to AArch64 EL2 PC 0x140003994
Taking exception 5 [IRQ] on CPU 0
...from EL2 to EL2
...with ESR 0x0/0x3800000
...with SPSR 0x80000309
...with ELR 0x466fe6b8
...to EL2 PC 0x466ff280 PSTATE 0x4023c9
Exception return from AArch64 EL2 to AArch64 EL2 PC 0x466fe6b8
Taking exception 5 [IRQ] on CPU 0
...from EL2 to EL2
...with ESR 0x0/0x3800000
...with SPSR 0x80000309
...with ELR 0x14000396c
...to EL2 PC 0x466ff280 PSTATE 0x4023c9
Exception return from AArch64 EL2 to AArch64 EL2 PC 0x14000396c
Taking exception 5 [IRQ] on CPU 0
...from EL2 to EL2
...with ESR 0x0/0x3800000
...with SPSR 0x80000309
...with ELR 0x140003994
...to EL2 PC 0x466ff280 PSTATE 0x4023c9
Exception return from AArch64 EL2 to AArch64 EL2 PC 0x140003994
Taking exception 5 [IRQ] on CPU 0
...from EL2 to EL2
...with ESR 0x0/0x3800000
...with SPSR 0x80000309
...with ELR 0x140003994
...to EL2 PC 0x466ff280 PSTATE 0x4023c9
Exception return from AArch64 EL2 to AArch64 EL2 PC 0x140003994
Taking exception 5 [IRQ] on CPU 0
...from EL2 to EL2
...with ESR 0x0/0x3800000
...with SPSR 0x80000309
...with ELR 0x140003994
...to EL2 PC 0x466ff280 PSTATE 0x4023c9
Exception return from AArch64 EL2 to AArch64 EL2 PC 0x140003994
Taking exception 5 [IRQ] on CPU 0
...from EL2 to EL2
...with ESR 0x0/0x3800000
...with SPSR 0x80000309
...with ELR 0x14000397c
...to EL2 PC 0x466ff280 PSTATE 0x4023c9
Exception return from AArch64 EL2 to AArch64 EL2 PC 0x14000397c
Taking exception 5 [IRQ] on CPU 0
...from EL2 to EL2
...with ESR 0x0/0x3800000
...with SPSR 0x60000309
...with ELR 0x471f7340
...to EL2 PC 0x466ff280 PSTATE 0x4023c9
Exception return from AArch64 EL2 to AArch64 EL2 PC 0x471f7340
Taking exception 5 [IRQ] on CPU 0
...from EL2 to EL2
...with ESR 0x0/0x3800000
...with SPSR 0x60000309
...with ELR 0x471f6ed8
...to EL2 PC 0x466ff280 PSTATE 0x4023c9
Exception return from AArch64 EL2 to AArch64 EL2 PC 0x471f6ed8
Taking exception 5 [IRQ] on CPU 0
...from EL2 to EL2
...with ESR 0x0/0x3800000
...with SPSR 0x80000309
...with ELR 0x14000397c
...to EL2 PC 0x466ff280 PSTATE 0x4023c9
Exception return from AArch64 EL2 to AArch64 EL2 PC 0x14000397c
Taking exception 5 [IRQ] on CPU 0
...from EL2 to EL2
...with ESR 0x0/0x3800000
...with SPSR 0x80000309
...with ELR 0x140003994
...to EL2 PC 0x466ff280 PSTATE 0x4023c9
Exception return from AArch64 EL2 to AArch64 EL2 PC 0x140003994
Taking exception 5 [IRQ] on CPU 0
...from EL2 to EL2
...with ESR 0x0/0x3800000
...with SPSR 0x80000309
...with ELR 0x140003994
...to EL2 PC 0x466ff280 PSTATE 0x4023c9
Exception return from AArch64 EL2 to AArch64 EL2 PC 0x140003994
Taking exception 13 [Secure Monitor Call] on CPU 0
...from EL2 to EL3
...with ESR 0x17/0x5e000000
...handled as PSCI call
